[bravobitescatering.com/index.html]
[backblue.gif]
[fade.gif]
[index.html]
[bravobitescatering.com/templates/blue_design_ii/favicon.ico]
[bravobitescatering.com/cache/helix_assets/63922eeaafad39d59d56ca0d38a6dafb.css]
[bravobitescatering.com/index7b17.html]
[bravobitescatering.com/indexc0d0.html]
[bravobitescatering.com/templates/blue_design_ii/css/gallery.css]
[bravobitescatering.com/modules/mod_vina_camera_image_slider/assets/camera.css]
[bravobitescatering.com/modules/mod_vina_camera_image_slider/assets/jquery.mobile.customized.min.js]
[bravobitescatering.com/modules/mod_vina_camera_image_slider/assets/jquery.easing.1.3.js]
[bravobitescatering.com/images/banners/logo.png]
[bravobitescatering.com/cache/helix_assets/c601ac71afc2a24c0c7f9b15508e084c.js]
[bravobitescatering.com/modules/mod_vina_camera_image_slider/assets/camera.js]
[bravobitescatering.com/our-menu/catering-package-to-go.html]
[bravobitescatering.com/our-menu/cold-appetizers.html]
[bravobitescatering.com/our-menu/desserts.html]
[bravobitescatering.com/our-menu/salads.html]
[bravobitescatering.com/our-menu/warm-appetizers.html]
[bravobitescatering.com/our-menu/lituanian-dishes.html]
[bravobitescatering.com/request-quote.html]
[bravobitescatering.com/events.html]
[bravobitescatering.com/friends.html]
[bravobitescatering.com/contact.html]
[bravobitescatering.com/media/k2/items/cache/d3b3799d6611d677944f5f86a500beb3_XS.jpg]
[bravobitescatering.com/media/k2/items/cache/220c08548cac211cc7db219bb52f46cf_XS.jpg]
[bravobitescatering.com/images/galerija/01.jpg]
[bravobitescatering.com/images/galerija/02.jpg]
[bravobitescatering.com/images/galerija/03.jpg]
[bravobitescatering.com/images/galerija/04.jpg]
[bravobitescatering.com/images/galerija/05.jpg]
[bravobitescatering.com/images/galerija/06.jpg]
[bravobitescatering.com/index.html]
[bravobitescatering.com/plugins/system/helix/fonts/fontawesome/fontawesome-webfontf77b.eot]
[bravobitescatering.com/plugins/system/helix/fonts/fontawesome/fontawesome-webfontd41d.eot]
[bravobitescatering.com/plugins/system/helix/fonts/fontawesome/fontawesome-webfontf77b.woff]
[bravobitescatering.com/plugins/system/helix/fonts/fontawesome/fontawesome-webfontf77b.ttf]
[bravobitescatering.com/templates/blue_design_ii/fonts/opensans-regular-webfont.eot]
[bravobitescatering.com/templates/blue_design_ii/fonts/opensans-regular-webfontd41d.eot]
[bravobitescatering.com/templates/blue_design_ii/fonts/opensans-regular-webfont.woff]
[bravobitescatering.com/templates/blue_design_ii/fonts/opensans-regular-webfont.ttf]
[bravobitescatering.com/templates/blue_design_ii/fonts/opensans-light-webfont.eot]
[bravobitescatering.com/templates/blue_design_ii/fonts/opensans-light-webfontd41d.eot]
[bravobitescatering.com/templates/blue_design_ii/fonts/opensans-light-webfont.woff]
[bravobitescatering.com/templates/blue_design_ii/fonts/opensans-light-webfont.ttf]
[bravobitescatering.com/templates/blue_design_ii/images/backgrounds/bg_slide.png]
[bravobitescatering.com/templates/blue_design_ii/images/helix-logo-white.png]
[bravobitescatering.com/templates/blue_design_ii/images/backgrounds/more.png]
[bravobitescatering.com/templates/blue_design_ii/images/presets/preset3/logo.png]
[bravobitescatering.com/cache/helix_assets/63922eeaafad39d59d56ca0d38a6dafb.css]
[bravobitescatering.com/templates/blue_design_ii/css/custom.css]
[bravobitescatering.com/templates/blue_design_ii/css/gallery.css]
[bravobitescatering.com/modules/mod_vina_camera_image_slider/assets/images/blank.gif]
[bravobitescatering.com/modules/mod_vina_camera_image_slider/assets/images/camera-loader.gif]
[bravobitescatering.com/modules/mod_vina_camera_image_slider/assets/images/camera_skins.png]
[bravobitescatering.com/modules/mod_vina_camera_image_slider/assets/images/patterns/overlay1.png]
[bravobitescatering.com/modules/mod_vina_camera_image_slider/assets/images/patterns/overlay2.png]
[bravobitescatering.com/modules/mod_vina_camera_image_slider/assets/images/patterns/overlay3.png]
[bravobitescatering.com/modules/mod_vina_camera_image_slider/assets/images/patterns/overlay4.png]
[bravobitescatering.com/modules/mod_vina_camera_image_slider/assets/images/patterns/overlay5.png]
[bravobitescatering.com/modules/mod_vina_camera_image_slider/assets/images/patterns/overlay6.png]
[bravobitescatering.com/modules/mod_vina_camera_image_slider/assets/images/patterns/overlay7.png]
[bravobitescatering.com/modules/mod_vina_camera_image_slider/assets/images/patterns/overlay8.png]
[bravobitescatering.com/modules/mod_vina_camera_image_slider/assets/images/patterns/overlay9.png]
[bravobitescatering.com/modules/mod_vina_camera_image_slider/assets/images/patterns/overlay10.png]
[bravobitescatering.com/modules/mod_vina_camera_image_slider/assets/camera.css]
[bravobitescatering.com/media/k2/items/cache/a522a6005d1cb428ea34ef1769cd7452_M.jpg]
[bravobitescatering.com/cache/helix_assets/44e515ab2d046d99b82377fdea6e6e30.css]
[bravobitescatering.com/media/k2/items/cache/a522a6005d1cb428ea34ef1769cd7452_XL.jpg]
[bravobitescatering.com/cache/helix_assets/9cd419fa8c537a5e79c56bcdc919bf4b.js]
[platform.twitter.com/widgets.js]
[connect.facebook.net/en_US/all.js]
[apis.google.com/js/plusone.js]
[bravobitescatering.com/our-menu/catering-package-to-go.html]
[bravobitescatering.com/media/k2/items/cache/eb6c7c01c4e98e1f2578f9959463b973_M.jpg]
[bravobitescatering.com/media/k2/items/cache/eb6c7c01c4e98e1f2578f9959463b973_XL.jpg]
[bravobitescatering.com/our-menu/cold-appetizers.html]
[bravobitescatering.com/media/k2/items/cache/220c08548cac211cc7db219bb52f46cf_M.jpg]
[bravobitescatering.com/media/k2/items/cache/220c08548cac211cc7db219bb52f46cf_XL.jpg]
[bravobitescatering.com/our-menu/desserts.html]
[bravobitescatering.com/media/k2/items/cache/a27a3b73d355048c6bab885897085f62_M.jpg]
[bravobitescatering.com/media/k2/items/cache/a27a3b73d355048c6bab885897085f62_XL.jpg]
[bravobitescatering.com/our-menu/salads.html]
[bravobitescatering.com/media/k2/items/cache/22c02097e4438bd2f2f3fe4a6a3ab0e1_M.jpg]
[bravobitescatering.com/media/k2/items/cache/22c02097e4438bd2f2f3fe4a6a3ab0e1_XL.jpg]
[bravobitescatering.com/our-menu/warm-appetizers.html]
[bravobitescatering.com/media/k2/items/cache/d3b3799d6611d677944f5f86a500beb3_M.jpg]
[bravobitescatering.com/media/k2/items/cache/d3b3799d6611d677944f5f86a500beb3_XL.jpg]
[bravobitescatering.com/our-menu/lituanian-dishes.html]
[bravobitescatering.com/cache/helix_assets/5cb5637b12736ce1909c0b1024acd6fc.css]
[bravobitescatering.com/media/com_foxcontact/images/submit/paper-plane.png]
[bravobitescatering.com/media/com_foxcontact/images/reset/brush.png]
[bravobitescatering.com/request-quote.html]
[bravobitescatering.com/events.html]
[bravobitescatering.com/friendsc0d0]
[bravobitescatering.com/friends7b17]
[bravobitescatering.com/friends/wedding-musicians-company.html]
[bravobitescatering.com/media/k2/items/cache/954fb0ebf1d84fb921bfb0b6e045d57f_M.jpg]
[bravobitescatering.com/cache/helix_assets/3dfc8efa8201827b5ceba47b809b79e4.js]
[bravobitescatering.com/friends/banquette-halls.html]
[bravobitescatering.com/media/k2/items/cache/0548677e6432786dd8df61eb3aaec139_M.jpg]
[bravobitescatering.com/friends.html]
[bravobitescatering.com/index86dd.php]
[bravobitescatering.com/images/bravo.jpg]
[bravobitescatering.com/contact.html]
[bravobitescatering.com/images/galerija/03.jpg]
[bravobitescatering.com/images/galerija/04.jpg]
[bravobitescatering.com/cache/helix_assets/7a7f9e4d2715e42c67cb5e9ca2335c67.js]
[bravobitescatering.com/images/galerija/06.jpg]
[bravobitescatering.com/templates/blue_design_ii/img/glyphicons-halflings-white.html]
[bravobitescatering.com/plugins/system/helix/fonts/fontawesome/fontawesome-webfont.svg]
[bravobitescatering.com/templates/blue_design_ii/fonts/opensans-regular-webfont.svg]
[bravobitescatering.com/templates/blue_design_ii/fonts/opensans-light-webfont.svg]
[bravobitescatering.com/cache/helix_assets/44e515ab2d046d99b82377fdea6e6e30.css]
[connect.facebook.net/en_US/all.js]
[bravobitescatering.com/media/k2/items/cache/eb6c7c01c4e98e1f2578f9959463b973_XL.jpg]
[bravobitescatering.com/media/k2/items/cache/a27a3b73d355048c6bab885897085f62_XL.jpg]
[bravobitescatering.com/media/k2/items/cache/22c02097e4438bd2f2f3fe4a6a3ab0e1_XL.jpg]
[bravobitescatering.com/media/k2/items/cache/d3b3799d6611d677944f5f86a500beb3_XL.jpg]
[bravobitescatering.com/media/jui/css/chosen-sprite.png]
[bravobitescatering.com/media/jui/css/chosen-sprite@2x.png]
[bravobitescatering.com/cache/helix_assets/5cb5637b12736ce1909c0b1024acd6fc.css]
[bravobitescatering.com/media/k2/categories/Category-intro.html]
[bravobitescatering.com/media/k2/items/cache/954fb0ebf1d84fb921bfb0b6e045d57f_XL.jpg]
[bravobitescatering.com/friends/wedding-musicians-company.html]
[bravobitescatering.com/media/k2/items/cache/0548677e6432786dd8df61eb3aaec139_XL.jpg]
[bravobitescatering.com/friends/banquette-halls.html]
[willowbrookballroom.com/images/WBB LOGO.html]
[bravobitescatering.com/GET.html]
